[2026-05-18 10:57:43] [SHIFT]
[2026-05-18 10:57:43] I
[2026-05-18 10:57:43]  
[2026-05-18 10:57:45]  
[2026-05-18 10:57:45] l
[2026-05-18 10:57:45] o
[2026-05-18 10:57:45] v
[2026-05-18 10:57:45] e
[2026-05-18 10:57:45]  
[2026-05-18 10:57:46] y
[2026-05-18 10:57:46] o
[2026-05-18 10:57:46] u
[2026-05-18 10:57:46]  
[2026-05-18 10:57:46] f
[2026-05-18 10:57:46] l
[2026-05-18 10:57:46] o
[2026-05-18 10:57:47] r
[2026-05-18 10:57:47]  
[2026-05-18 10:57:48] a
[2026-05-18 10:57:49] n
[2026-05-18 10:57:49] n
[2026-05-18 10:57:49]  
[2026-05-18 10:57:49] d
[2026-05-18 10:57:49] o
[2026-05-18 10:57:49] y
[2026-05-18 10:57:49] u
[2026-05-18 10:57:50] n
[2026-05-18 10:57:50] g
[2026-05-18 10:57:50] a
[2026-05-18 10:57:50] n
[2026-05-18 10:57:59] r
[2026-05-18 10:58:00] y
[2026-05-18 10:58:00] a
[2026-05-18 10:58:00] n
[2026-05-18 10:58:00]  
[2026-05-18 10:58:00] t
[2026-05-18 10:58:00] o
[2026-05-18 10:58:00] m
[2026-05-18 10:58:01] a
[2026-05-18 10:58:01] d
[2026-05-18 10:58:01] a
[2026-05-18 10:58:01] 
[ENTER]

[2026-05-18 10:58:19] h
[2026-05-18 10:58:19] e
[2026-05-18 10:58:19] l
[2026-05-18 10:58:19] l
[2026-05-18 10:58:19] o
[2026-05-18 10:58:20]  
[2026-05-18 10:58:20] [SHIFT]
[2026-05-18 10:58:20] I
[2026-05-18 10:58:20] '
[2026-05-18 10:58:20] m
[2026-05-18 10:58:20]  
[2026-05-18 10:58:21] c
[2026-05-18 10:58:21] h
[2026-05-18 10:58:21] a
[2026-05-18 10:58:22] t
[2026-05-18 10:58:22] t
[2026-05-18 10:58:22] i
[2026-05-18 10:58:22] n
[2026-05-18 10:58:22] g
[2026-05-18 10:58:22]  
[2026-05-18 10:58:22] t
[2026-05-18 10:58:23] o
[2026-05-18 10:58:23]  
[2026-05-18 10:58:23] m
[2026-05-18 10:58:23] m
[2026-05-18 10:58:23] [BACKSPACE]
[2026-05-18 10:58:24] [BACKSPACE]
[2026-05-18 10:58:24] [BACKSPACE]
[2026-05-18 10:58:24] [BACKSPACE]
[2026-05-18 10:58:25] [BACKSPACE]
[2026-05-18 10:58:25] t
[2026-05-18 10:58:25] o
[2026-05-18 10:58:26]  
[2026-05-18 10:58:26] m
[2026-05-18 10:58:26] y
[2026-05-18 10:58:26]  
[2026-05-18 10:58:27] s
[2026-05-18 10:58:27] e
[2026-05-18 10:58:27] l
[2026-05-18 10:58:27] f
[2026-05-18 10:58:28] 
[ENTER]

[2026-05-18 10:58:31] [ESC]
[2026-05-18 20:38:37] h
[2026-05-18 20:38:37] o
[2026-05-18 20:38:37] w
[2026-05-18 20:38:37]  
[2026-05-18 20:38:38] t
[2026-05-18 20:38:38] o
[2026-05-18 20:38:38]  
[2026-05-18 20:38:38] o
[2026-05-18 20:38:38] r
[2026-05-18 20:38:39] d
[2026-05-18 20:38:39] e
[2026-05-18 20:38:39] r
[2026-05-18 20:38:39]  
[2026-05-18 20:38:39] f
[2026-05-18 20:38:40] o
[2026-05-18 20:38:40] r
[2026-05-18 20:38:40]  
[2026-05-18 20:38:40] 2
[2026-05-18 20:38:40]  
[2026-05-18 20:38:41] p
[2026-05-18 20:38:41] e
[2026-05-18 20:38:41] r
[2026-05-18 20:38:41] s
[2026-05-18 20:38:41] o
[2026-05-18 20:38:41] n
[2026-05-18 20:38:42] s
[2026-05-18 20:38:42]  
[2026-05-18 20:38:42] i
[2026-05-18 20:38:42] n
[2026-05-18 20:38:42]  
[2026-05-18 20:38:43] y
[2026-05-18 20:38:43] a
[2026-05-18 20:38:44] b
[2026-05-18 20:38:44] u
[2026-05-18 20:38:45]  
[2026-05-18 20:38:45] h
[2026-05-18 20:38:45] o
[2026-05-18 20:38:46] u
[2026-05-18 20:38:46] s
[2026-05-18 20:38:46] e
[2026-05-18 20:38:46]  
[2026-05-18 20:38:47] o
[2026-05-18 20:38:47] f
[2026-05-18 20:38:47]  
[2026-05-18 20:38:48] [SHIFT]
[2026-05-18 20:38:48] K
[2026-05-18 20:38:48] a
[2026-05-18 20:38:48] t
[2026-05-18 20:38:49] s
[2026-05-18 20:38:49] u
[2026-05-18 20:38:50] [SHIFT]
[2026-05-18 20:38:50] ?
[2026-05-18 20:38:52] [SHIFT]
[2026-05-18 20:38:52] 
[ENTER]

[2026-05-18 20:38:52] 
[ENTER]

[2026-05-18 20:38:52] 
[ENTER]

[2026-05-18 20:38:53] [BACKSPACE]
[2026-05-18 20:38:54] [BACKSPACE]
[2026-05-18 20:38:54] [BACKSPACE]
[2026-05-18 20:39:08] f
[2026-05-18 20:39:08] a
[2026-05-18 20:39:08] s
[2026-05-18 20:39:08] f
[2026-05-18 20:39:08] s
[2026-05-18 20:39:08] s
[2026-05-18 20:39:08] f
[2026-05-18 20:39:09] s
[2026-05-18 20:39:09] j
[2026-05-18 20:39:09] j
[2026-05-18 20:39:09] k
[2026-05-18 20:39:10] j
[2026-05-18 20:39:10] k
[2026-05-18 20:39:14] [ESC]
